******************************************************************************
                  TI ARM Linker PC v5.2.2                      
******************************************************************************
>> Linked Tue Dec 15 20:19:42 2015

OUTPUT FILE NAME:   <Controller_1_0.out>
ENTRY POINT SYMBOL: "_c_int00"  address: 00000fb1


MEMORY CONFIGURATION

         name            origin    length      used     unused   attr    fill
----------------------  --------  ---------  --------  --------  ----  --------
  MAIN                  00000000   00040000  0000123c  0003edc4  R  X
  INFO                  00200000   00004000  00000000  00004000  R  X
  SRAM_CODE             01000000   00010000  00000000  00010000  RW X
  SRAM_DATA             20000000   00010000  0000024c  0000fdb4  RW  


SEGMENT ALLOCATION MAP

run origin  load origin   length   init length attrs members
----------  ----------- ---------- ----------- ----- -------
00000000    00000000    00001240   00001240    r-x
  00000000    00000000    00000144   00000144    r-- .intvecs
  00000144    00000144    000010c0   000010c0    r-x .text
  00001208    00001208    00000038   00000038    r-- .cinit
20000000    20000000    0000004c   00000000    rw-
  20000000    20000000    00000030   00000000    rw- .bss
  20000030    20000030    0000001c   00000000    rw- .data
2000fe00    2000fe00    00000200   00000000    rw-
  2000fe00    2000fe00    00000200   00000000    rw- .stack


SECTION ALLOCATION MAP

 output                                  attributes/
section   page    origin      length       input sections
--------  ----  ----------  ----------   ----------------
.intvecs   0    00000000    00000144     
                  00000000    00000144     msp432_startup_ccs.obj (.intvecs)

.text      0    00000144    000010c0     
                  00000144    00000a4c     main.obj (.text)
                  00000b90    00000136     rtsv7M4_T_le_v4SPD16_eabi.lib : fd_div_t2.obj (.text)
                  00000cc6    000000fc                                   : fd_mul_t2.obj (.text)
                  00000dc2    0000009c                                   : memcpy_t2.obj (.text)
                  00000e5e    0000007a                                   : memset_t2.obj (.text)
                  00000ed8    0000006c                                   : autoinit.obj (.text)
                  00000f44    0000006a                                   : copy_decompress_rle.obj (.text)
                  00000fae    00000002     --HOLE-- [fill = 0]
                  00000fb0    00000050                                   : boot.obj (.text)
                  00001000    0000004c                                   : cpy_tbl.obj (.text)
                  0000104c    0000004a                                   : fd_tos_t2.obj (.text)
                  00001096    00000002     --HOLE-- [fill = 0]
                  00001098    00000044                                   : exit.obj (.text)
                  000010dc    00000044                                   : fd_tou_t2.obj (.text)
                  00001120    00000038                                   : fs_tod_t2.obj (.text)
                  00001158    0000002e                                   : i_tofd_t2.obj (.text)
                  00001186    00000020                                   : u_tofd_t2.obj (.text)
                  000011a6    00000002     --HOLE-- [fill = 0]
                  000011a8    00000018                                   : args_main.obj (.text)
                  000011c0    00000014                                   : _lock.obj (.text)
                  000011d4    0000000e                                   : copy_decompress_none.obj (.text:decompress:none)
                  000011e2    0000000c                                   : copy_zero_init.obj (.text:decompress:ZI)
                  000011ee    0000000c     msp432_startup_ccs.obj (.text)
                  000011fa    00000006     rtsv7M4_T_le_v4SPD16_eabi.lib : copy_decompress_rle.obj (.text:decompress:rle24)
                  00001200    00000004                                   : pre_init.obj (.text)

.cinit     0    00001208    00000038     
                  00001208    00000013     (.cinit..data.load) [load image, compression = rle]
                  0000121b    00000001     --HOLE-- [fill = 0]
                  0000121c    0000000c     (__TI_handler_table)
                  00001228    00000008     (.cinit..bss.load) [load image, compression = zero_init]
                  00001230    00000010     (__TI_cinit_table)

.bss       0    20000000    00000030     UNINITIALIZED
                  20000000    00000004     (.common:Kd)
                  20000004    00000004     (.common:Ki)
                  20000008    00000004     (.common:Kp)
                  2000000c    00000004     (.common:antiWindup)
                  20000010    00000004     (.common:dt)
                  20000014    00000004     (.common:error)
                  20000018    00000004     (.common:error_d)
                  2000001c    00000004     (.common:error_i)
                  20000020    00000004     (.common:error_old)
                  20000024    00000004     (.common:u)
                  20000028    00000002     (.common:pos)
                  2000002a    00000002     (.common:pos_d)
                  2000002c    00000002     (.common:uMax)
                  2000002e    00000002     (.common:uMin)

.data      0    20000030    0000001c     UNINITIALIZED
                  20000030    00000008     main.obj (.data)
                  20000038    00000008     rtsv7M4_T_le_v4SPD16_eabi.lib : _lock.obj (.data)
                  20000040    00000008                                   : exit.obj (.data)
                  20000048    00000004                                   : stkdepth_vars.obj (.data)

.TI.noinit 
*          0    20000000    00000000     UNINITIALIZED

.TI.persistent 
*          0    20000030    00000000     UNINITIALIZED

.stack     0    2000fe00    00000200     UNINITIALIZED
                  2000fe00    00000200     --HOLE--


LINKER GENERATED COPY TABLES

__TI_cinit_table @ 00001230 records: 2, size/record: 8, table size: 16
	.data: load addr=00001208, load size=00000013 bytes, run addr=20000030, run size=0000001c bytes, compression=rle
	.bss: load addr=00001228, load size=00000008 bytes, run addr=20000000, run size=00000030 bytes, compression=zero_init


LINKER GENERATED HANDLER TABLE

__TI_handler_table @ 0000121c records: 3, size/record: 4, table size: 12
	index: 0, handler: __TI_decompress_rle24
	index: 1, handler: __TI_decompress_none
	index: 2, handler: __TI_zero_init


GLOBAL SYMBOLS: SORTED ALPHABETICALLY BY Name 

address   name                    
-------   ----                    
00001099  C$$EXIT                 
20000000  Kd                      
20000004  Ki                      
20000008  Kp                      
UNDEFED   SHT$$INIT_ARRAY$$Base   
UNDEFED   SHT$$INIT_ARRAY$$Limit  
4000480c  WDTCTL_SYM              
20010000  __STACK_END             
00000200  __STACK_SIZE            
00001230  __TI_CINIT_Base         
00001240  __TI_CINIT_Limit        
0000121c  __TI_Handler_Table_Base 
00001228  __TI_Handler_Table_Limit
00000ed9  __TI_auto_init          
20000040  __TI_cleanup_ptr        
000011d5  __TI_decompress_none    
000011fb  __TI_decompress_rle24   
20000044  __TI_dtors_ptr          
00000000  __TI_static_base__      
000011e3  __TI_zero_init          
0000104d  __aeabi_d2f             
000010dd  __aeabi_d2uiz           
00000b91  __aeabi_ddiv            
00000cc7  __aeabi_dmul            
00001121  __aeabi_f2d             
00001159  __aeabi_i2d             
00000e5f  __aeabi_memclr          
00000e5f  __aeabi_memclr4         
00000e5f  __aeabi_memclr8         
00000dc3  __aeabi_memcpy          
00000dc3  __aeabi_memcpy4         
00000dc3  __aeabi_memcpy8         
00000e61  __aeabi_memset          
00000e61  __aeabi_memset4         
00000e61  __aeabi_memset8         
00001187  __aeabi_ui2d            
ffffffff  __binit__               
ffffffff  __c_args__              
2000fe00  __stack                 
000011a9  _args_main              
00000fb1  _c_int00                
20000038  _lock                   
000011cf  _nop                    
000011c7  _register_lock          
000011c1  _register_unlock        
00001201  _system_pre_init        
2000003c  _unlock                 
0000109d  abort                   
2000000c  antiWindup              
ffffffff  binit                   
20000034  btnFlag                 
0000065d  buttonISR               
20000030  control_type            
00001001  copy_in                 
20000010  dt                      
00000551  encoderISR              
20000014  error                   
20000018  error_d                 
2000001c  error_i                 
20000020  error_old               
000010a5  exit                    
000001e9  init                    
000006e1  initControlLoop         
000004b1  initEncoder             
00000307  initPWM                 
00000000  interruptVectors        
000001a7  main                    
20000048  main_func_sp            
00000dc3  memcpy                  
00000e67  memset                  
20000028  pos                     
2000002a  pos_d                   
0000047d  setDIR                  
000003d1  setPWM                  
000002b3  timer0_0IsrHandler      
000002e9  timer0_NIsrHandler      
0000095d  timer1_0IsrHandler      
20000024  u                       
2000002c  uMax                    
2000002e  uMin                    


GLOBAL SYMBOLS: SORTED BY Symbol Address 

address   name                    
-------   ----                    
00000000  __TI_static_base__      
00000000  interruptVectors        
000001a7  main                    
000001e9  init                    
00000200  __STACK_SIZE            
000002b3  timer0_0IsrHandler      
000002e9  timer0_NIsrHandler      
00000307  initPWM                 
000003d1  setPWM                  
0000047d  setDIR                  
000004b1  initEncoder             
00000551  encoderISR              
0000065d  buttonISR               
000006e1  initControlLoop         
0000095d  timer1_0IsrHandler      
00000b91  __aeabi_ddiv            
00000cc7  __aeabi_dmul            
00000dc3  __aeabi_memcpy          
00000dc3  __aeabi_memcpy4         
00000dc3  __aeabi_memcpy8         
00000dc3  memcpy                  
00000e5f  __aeabi_memclr          
00000e5f  __aeabi_memclr4         
00000e5f  __aeabi_memclr8         
00000e61  __aeabi_memset          
00000e61  __aeabi_memset4         
00000e61  __aeabi_memset8         
00000e67  memset                  
00000ed9  __TI_auto_init          
00000fb1  _c_int00                
00001001  copy_in                 
0000104d  __aeabi_d2f             
00001099  C$$EXIT                 
0000109d  abort                   
000010a5  exit                    
000010dd  __aeabi_d2uiz           
00001121  __aeabi_f2d             
00001159  __aeabi_i2d             
00001187  __aeabi_ui2d            
000011a9  _args_main              
000011c1  _register_unlock        
000011c7  _register_lock          
000011cf  _nop                    
000011d5  __TI_decompress_none    
000011e3  __TI_zero_init          
000011fb  __TI_decompress_rle24   
00001201  _system_pre_init        
0000121c  __TI_Handler_Table_Base 
00001228  __TI_Handler_Table_Limit
00001230  __TI_CINIT_Base         
00001240  __TI_CINIT_Limit        
20000000  Kd                      
20000004  Ki                      
20000008  Kp                      
2000000c  antiWindup              
20000010  dt                      
20000014  error                   
20000018  error_d                 
2000001c  error_i                 
20000020  error_old               
20000024  u                       
20000028  pos                     
2000002a  pos_d                   
2000002c  uMax                    
2000002e  uMin                    
20000030  control_type            
20000034  btnFlag                 
20000038  _lock                   
2000003c  _unlock                 
20000040  __TI_cleanup_ptr        
20000044  __TI_dtors_ptr          
20000048  main_func_sp            
2000fe00  __stack                 
20010000  __STACK_END             
4000480c  WDTCTL_SYM              
ffffffff  __binit__               
ffffffff  __c_args__              
ffffffff  binit                   
UNDEFED   SHT$$INIT_ARRAY$$Base   
UNDEFED   SHT$$INIT_ARRAY$$Limit  

[80 symbols]
